01 = Samoobslužné vracení v době uzavření knihovny (bibliobox)
02 = Půjčování čteček e-knih, tabletů
03 = Půjčování e-knih (e-obsahu)
04 = Půjčování deskových her
05 = Herní konzole přístupné v knihovně
06 = Meziknihovní výpůjční a reprografické služby
07 = Donášková služba pro znevýhodněné občany (handicapované a seniory)
08 = Specializované služby pro zdravotně znevýhodněné (zrakově, sluchově, tělesně, mentálně)
09 = Přístup k online licencovaným zdrojům z knihovny
10 = Rešeršní služby
11 = Wifi
12 = Autentifikace MojeID
13 = Kopírovací a tiskové služby
14 = 3D tisk
15 = Dodávání dokumentů (dodávání digitálních kopií článků a částí knih)
16 = Digitalizace dokumentů na přání (pouze dokumenty, které nejsou chráněny autorským právem)
17 = Knihařské služby (laminování, kroužková nebo pevná vazba a související činnosti)
18 = Individuální studijní prostory (včetně možnosti objednání)
19 = Týmová studovna
20 = Noční studovna
21 = Poslechová místa pro hudbu a sledování videa z fondu knihovny
22 = Pronájem prostor (např. učeben, sálů atd.)
23 = Kavárna, bufet
24 = Prostor pro přebalení a nakrmení malých dětí
25 = Parkování pro návštěvníky knihovny
26 = Parkování na speciálních místech pro auta zdravotně handicapovaných návštěvníků knihovny
