391 - Oděv, móda, ozdoby = Kulturní antropologie. Etnologie. Etnografie
392 - Zvyky, mravy, obyčeje v soukromém životě = Kulturní antropologie. Etnologie. Etnografie
393 - Smrt. Pohřby. Obyčeje při úmrtí = Kulturní antropologie. Etnologie. Etnografie
394 - Veřejný a společenský život. Každodenní život = Kulturní antropologie. Etnologie. Etnografie
395 - Společenské chování. Etiketa = Kulturní antropologie. Etnologie. Etnografie
398 - Folklor. Lidové tradice = Kulturní antropologie. Etnologie. Etnografie
398 - Folklor = Kulturní antropologie. Etnologie. Etnografie
39 - Etnologie. Etnografie. Folklor = Kulturní antropologie. Etnologie. Etnografie
572 - Antropologie = Fyzická antropologie 
504 - Znečištění a poškození životního prostředí = Životní prostředí, znečištění, ochrana
57/59 - Biologické vědy = Biologie
574 - Obecná ekologie = Biologie
575 - Obecná genetika. Obecná cytogenetika. Evoluce = Biologie
576 - Buněčná biologie. Cytologie = Biologie
577 - Biochemie. Molekulární biologie. Biofyzika = Biologie
578 - Virologie = Mikrobiologie
581 - Obecná botanika = Botanika
591 - Obecná zoologie = Zoologie
791/793 - Divadlo, film, tanec (obecně) = Divadlo. Divadelní představení
792 - Divadelní představení = Divadlo. Divadelní představení
005.91/.92 - Vedení úřadu (kanceláře). Spisová služba = Management. Řízení
005.91/.92 - Kancelář = Management. Řízení
005.91:82-6 - Úřední korespondence = Management. Řízení
658 - Řízení a správa podniku = Management. Řízení
330.5+338 - Národní hospodářství a hospodářská politika = Ekonomie
330.8 - Ekonomické teorie, doktríny, směry = Ekonomie
336.1/.5 - Veřejné finance = Finance
339.3 - Vnitřní obchod = Obchod
339.5 - Zahraniční obchod. Mezinárodní obchod = Obchod
656.1/.5 - Pozemní doprava = Doprava
656.2 - Železniční doprava = Doprava
656.6/.7 - Vodní a letecká doprava = Doprava
656.62 - Říční doprava = Doprava
13 - Filozofie ducha = Filozofie
14 - Filozofické systémy a hlediska = Filozofie
14(100)"04/14" - Středověká filozofie = Filozofie
14(100-11) - Orientální filozofie = Filozofie
14(100-15)"15/20" - Moderní západní filozofie = Filozofie
14(3) - Antická, starověká filozofie = Filozofie
122/129 - Speciální metafyzika = Metafyzika
165 - Teorie poznání. Epistemologie = Logika
2-1 - Přirozená teologie. Náboženská filozofie = Náboženství
2-1 - Přirozená teologie. Náboženská filozofie. Religionistika = Náboženství
2-1 - Přirozená teologie. Náboženská filozofie. Religionistika. = Náboženství
2-23/-27 - Bible. Biblistika = Náboženství
25 - Náboženství starověku = Náboženství, mytologie, kulty
25 - Náboženství starověku, mytologie, kulty = Náboženství, mytologie, kulty
2-74 - Náboženské právo. Církevní právo = Náboženství
27-1/-2 - Křesťanská teologie. Dogmatická teologie = Křesťanství. Křesťanská církev všeobecně. Eklesiologie
27-4 - Praktická teologie. Morální teologie = Křesťanství. Křesťanská církev všeobecně. Eklesiologie
27-46/-48 - Pastorální teologie = Křesťanství. Křesťanská církev všeobecně. Eklesiologie
27-5 - Liturgie. Křesťanské umění a symbolika. Duchovní život = Křesťanství. Křesťanská církev všeobecně. Eklesiologie
27-5 - Křesťanské umění a symbolika. Duchovní život = Křesťanství. Křesťanská církev všeobecně. Eklesiologie
27-78 - Křesťanská sdružení, spolky a organizace. Řeholní řády = Křesťanství. Křesťanská církev všeobecně. Eklesiologie
27-9 - Dějiny křesťanské církve = Křesťanství. Křesťanská církev všeobecně. Eklesiologie
271/279 - Křesťanské církve, sekty, denominace = Křesťanství. Křesťanská církev všeobecně. Eklesiologie
006.95 - Chronologie = Metrologie. Standardizace
520 - Astronomické přístroje a metody = Astronomie
521 - Teoretická astronomie. Nebeská mechanika = Astronomie
523/524 - Sluneční soustava. Hvězdy. Vesmír = Astronomie
523.3 - Země = Astronomie
532 - Mechanika tekutin obecně. Mechanika kapalin = Mechanika
533 - Mechanika plynů. Aeromechanika. Fyzika plazmatu = Mechanika
537.6/.8 - Magnetismus. Elektromagnetismus = Elektřina
550 - Geofyzika. Geochemie. Geobiologie. Užitá geologie = Vědy o Zemi. Geologické vědy
551 - Geologie. Meteorologie. Klimatologie = Vědy o Zemi. Geologické vědy
552 - Petrologie = Vědy o Zemi. Geologické vědy
553 - Ložisková geologie = Vědy o Zemi. Geologické vědy
556 - Hydrologie = Vědy o Zemi. Geologické vědy
911 - Obecná geografie. Systematická geografie = Geografie jako věda. Výzkum. Cestování
912:904 - Staré mapy = Mapy. Atlasy. Glóby
912:51 - Matematická geografie = Mapy. Atlasy. Glóby
912 - Mapy. Atlasy = Mapy. Atlasy. Glóby
94(100) - Světové dějiny = Dějiny (obecně)
94(100)"04/..." - Dějiny středověku a novověku (obecně) = Dějiny (obecně)
94(41) - Dějiny britských ostrovů = Dějiny Evropy
94(420/429) - Dějiny Anglie a Walesu = Dějiny Evropy
94(430/439) - Dějiny zemí střední Evropy = Dějiny Evropy
94(44/449.49) - Dějiny Francie a Monaka = Dějiny Evropy
94(450/458.2) - Dějiny Itálie a italských ostrovů, San Marina, Vatikánu a = Dějiny Evropy
Malty94(46) - Dějiny států a území na Pyrenejském poloostrově = Dějiny Evropy
94(47) - Dějiny zemí východní Evropy = Dějiny Evropy
94(47+57) - Dějiny SSSR a Ruska = Dějiny Evropy
94(48) - Dějiny skandinávských zemí = Dějiny Evropy
94(491.1/494.9) - Dějiny ostatních evropských států = Dějiny Evropy
94(495/498) - Dějiny států a území na Balkánském poloostrově = Dějiny Evropy
94(510/519) - Dějiny Číny, Mongolska a Koreje = Dějiny Asie. Orient
94(520) - Dějiny Japonska = Dějiny Asie. Orient
94(53) - Dějiny států a území na Arabském poloostrově = Dějiny Asie. Orient
94(54) - Dějiny států indického subkontinentu = Dějiny Asie. Orient
94(55) - Dějiny Íránu = Dějiny Asie. Orient
94(560/569.5) - Dějiny států západní Asie. Blízký východ = Dějiny Asie. Orient
94(57) - Dějiny asijské části Ruska = Dějiny Asie. Orient
94(574/575.4) - Dějiny států Střední Asie = Dějiny Asie. Orient
94(581) - Dějiny Afghánistánu = Dějiny Asie. Orient
94(59) - Dějiny států jihovýchodní Asie = Dějiny Asie. Orient
94(61) - Dějiny Tunisu a Libye = Dějiny Afriky
94(62) - Dějiny Egypta a Súdánu = Dějiny Afriky
94(63) - Dějiny Etiopie a Eritreje = Dějiny Afriky
94(64) - Dějiny států a území severozápadní Afriky a přilehlých ostrovů = Dějiny Afriky
94(65) - Dějiny Alžírska = Dějiny Afriky
94(66/67) - Dějiny Afriky na jih od Sahary a států/území západní Afriky a přilehlých ostrovů = Dějiny Afriky
94(671/679) - Dějiny států a území střední Afriky a přilehlých ostrovů. Rovníková Afrika = Dějiny Afriky
94(680/689.7) - Dějiny států a území jižní Afriky = Dějiny Afriky
94(69) - Dějiny afrických ostrovů v Indickém a jižním Atlantském oceánu = Dějiny Afriky
94(71) - Dějiny Kanady = Dějiny Severní a Střední Ameriky
94(72) - Dějiny Střední Ameriky a Karibské oblasti = Dějiny Severní a Střední Ameriky
94(73) - Dějiny Spojených států amerických = Dějiny Severní a Střední Ameriky
94(734) - Dějiny severovýchodních států USA = Dějiny Severní a Střední Ameriky
94(735) - Dějiny jihovýchodních států USA = Dějiny Severní a Střední Ameriky
94(736) - Dějiny států jižní části středních USA = Dějiny Severní a Střední Ameriky
94(737) - Dějiny států severní části středních USA = Dějiny Severní a Střední Ameriky
94(738) - Dějiny západních států USA = Dějiny Severní a Střední Ameriky
94(739) - Dějiny států na tichomořském pobřeží USA = Dějiny Severní a Střední Ameriky
94(81) - Dějiny Brazílie = Dějiny Jižní Ameriky. Latinská Amerika
94(82) - Dějiny Argentiny = Dějiny Jižní Ameriky. Latinská Amerika
94(83) - Dějiny Chile = Dějiny Jižní Ameriky. Latinská Amerika
94(84) - Dějiny Bolívie = Dějiny Jižní Ameriky. Latinská Amerika
94(85) - Dějiny Peru = Dějiny Jižní Ameriky. Latinská Amerika
94(861/866) - Dějiny Kolumbie a Ekvádoru = Dějiny Jižní Ameriky. Latinská Amerika
94(87) - Dějiny Venezuely = Dějiny Jižní Ameriky. Latinská Amerika
94(88) - Dějiny Guayany a Surinamu = Dějiny Jižní Ameriky. Latinská Amerika
94(892/899) - Dějiny Paraguaye a Uruguaye = Dějiny Jižní Ameriky. Latinská Amerika
94(931) - Dějiny Nového Zélandu = Dějiny Oceánie, Austrálie, Arktidy a Antarktidy
94(932/935) - Dějiny států a oblastí Melanésie = Dějiny Oceánie, Austrálie, Arktidy a Antarktidy
94(94) - Dějiny Austrálie = Dějiny Oceánie, Austrálie, Arktidy a Antarktidy
94(954) - Dějiny Papuy-Nové Guiney = Dějiny Oceánie, Austrálie, Arktidy a Antarktidy
94(961/968) - Dějiny států a oblastí Polynésie a Mikronésie = Dějiny Oceánie, Austrálie, Arktidy a Antarktidy
94(97) - Ostrovy Tichého oceánu = Dějiny Oceánie, Austrálie, Arktidy a Antarktidy
94(98/99) - Dějiny území Arktidy a Antarktidy = Dějiny Oceánie, Austrálie, Arktidy a Antarktidy
78.01 - Muzikologie. Dějiny hudby = Hudba
78.03 - Vývojová období v dějinách hudby = Hudební styly, vlivy, školy
78.07 - Hudebníci, skladatelé a jiná hudební povolání = Hudba
781 - Hudební teorie = Hudba
782 - Divadelní hudba. Opera = Divadelní hudba. Opera, opereta, muzikál
786/789 - Hudba pro jednotlivé nástroje = Instrumentální hudba. Symfonická hudba. Hudba pro více nástrojů
786 - Hudba pro klávesové nástroje = Instrumentální hudba. Symfonická hudba. Hudba pro více nástrojů
787 - Hudba pro strunné a smyčcové nástroje = Instrumentální hudba. Symfonická hudba. Hudba pro více nástrojů
788 - Hudba pro dechové nástroje = Instrumentální hudba. Symfonická hudba. Hudba pro více nástrojů
789 - Hudba pro bicí nástroje = Instrumentální hudba. Symfonická hudba. Hudba pro více nástrojů
785 - Instrumentální hudba. Symfonická hudba. Hudba pro více nástrojů. = Instrumentální hudba. Symfonická hudba. Hudba pro více nástrojů
785 - Instrumentální hudba. Symfonická hudba. Hudba pro více nástrojů = Instrumentální hudba. Symfonická hudba. Hudba pro více nástrojů
542 - Praktická laboratorní chemie. Preparativní a experimentální chemie = Chemie. Mineralogické vědy
003 - Systémy psaní a písma = Systémy psaní a písma. Sémiotika (obecně)
811.112 - Západogermánské jazyky = Germánské jazyky
811.111 - Angličtina = Germánské jazyky
811.112.2 - Němčina = Germánské jazyky
811.113 - Severogermánské jazyky = Germánské jazyky
811.131 - Italo-románské jazyky = Románské jazyky
811.133 - Galsko-románské jazyky = Románské jazyky
811.133.1 - Francouzština = Románské jazyky
811.134 - Iberorománské jazyky = Románské jazyky
811.135 - Balkánské románské jazyky = Románské jazyky
811.161 - Východoslovanské jazyky = Slovanské jazyky
811.161.1 - Ruština = Slovanské jazyky
811.162 - Západoslovanské jazyky = Slovanské jazyky
811.163 - Jihoslovanské jazyky = Slovanské jazyky
82:03 - Literární slovníky, encyklopedie. Konkordance = Literatura. Literární život
82:05 - Literární revue, časopisy = Literatura. Literární život
82:06 - Literární organizace, soutěže = Literatura. Literární život
82:37 - Literární výchovné programy = Literatura. Literární život
82-31/-34 - Milostná, dobrodružná, fantastická próza (o ní) = Literatura různých forem a žánrů (o ní)
82-31/-34 - Milostná, dobrodružná, vědeckofantastická próza (o ní) = Literatura různých forem a žánrů (o ní)
82-1/-8 - Literární formy a žánry (o nich) = Literatura různých forem a žánrů (o ní)
82-93 - Literatura pro děti a mládež (o ní) = Literární kritika, věcná literatura a různé další žánry
82-97 - Náboženská literatura. Duchovní literatura (o ní) = Literární kritika, věcná literatura a různé další žánry
821.111(73).09 - Americká literatura (o ní) = Germánské literatury (o nich)
821.111.09 - Anglická literatura, anglicky psaná (o ní) = Germánské literatury (o nich)
821.112.2.09 - Německá literatura, německy psaná (o ní) = Germánské literatury (o nich)
821.131.1.09 - Italská literatura (o ní) = Románské literatury (o nich)
821.133.1.09 - Francouzská literatura, francouzsky psaná (o ní) = Románské literatury (o nich)
821.134.2.09 - Španělská literatura, španělsky psaná (o ní) = Románské literatury (o nich)
821.134.3 - Portugalská literatura = Portugalská literatura, portugalsky psaná
821.134.3.09 - Portugalská literatura, portugalsky psaná (o ní) = Románské literatury (o nich)
821.134.3.09 - Portugalská literatura (o ní) = Románské literatury (o nich)
821.163.09 - Jihoslovanské literatury (o nich) = Slovanské literatury (o nich)
821.161.09 - Východoslovanské literatury (o nich) = Slovanské literatury (o nich)
821.161.1.09 - Ruská literatura (o ní) = Slovanské literatury (o nich)
821.162.09 - Západoslovanské literatury (o nich) = Slovanské literatury (o nich)
821.162.4.09 - Slovenská literatura (o ní) = Slovanské literatury (o nich)
821.162.1.09 - Polská literatura (o ní) = Slovanské literatury (o nich)
821.163.1.09 - Staroslověnská literatura (o ní) = Slovanské literatury (o nich)
070 - Noviny. Tisk = Noviny. Tisk. Žurnalistika
08 - Souborná díla = Věda. Všeobecnosti. Základy vědy a kultury. Vědecká práce
00 - Věda. Všeobecnosti. Základy vědy a kultury. Vědecká práce. = Věda. Všeobecnosti. Základy vědy a kultury. Vědecká práce
00 - Věda. Všeobecnosti. Základy vědy a kultury. Vědecká práce = Věda. Všeobecnosti. Základy vědy a kultury. Vědecká práce
021 - Funkce, význam a využívání knihoven = Knihovnictví. Informatika
022 - Budovy, areály a zařízení knihoven = Knihovnictví. Informatika
023 - Řízení knihoven = Knihovnictví. Informatika
024 - Služby knihoven = Knihovnictví. Informatika
025 - Organizace knihoven a knihovních fondů = Knihovnictví. Informatika
025.3/.4 - Katalogizace. Selekční jazyky = Knihovnictví. Informatika
026 - Odborné/speciální knihovny = Knihovnictví. Informatika
026/027 - Knihovny = Knihovnictví. Informatika
027 - Univerzální knihovny. Veřejné knihovny. Soukromé knihovny = Knihovnictví. Informatika
027 - Univerzální knihovny. Veřejné knihovny = Knihovnictví. Informatika
316.77 - Informační věda = Knihovnictví. Informatika
09 - Rukopisy, prvotisky, staré tisky = Rukopisy, prvotisky, staré tisky. Vzácná a pozoruhodná díla
093 - Prvotisky = Rukopisy, prvotisky, staré tisky. Vzácná a pozoruhodná díla
094 - Staré tisky = Rukopisy, prvotisky, staré tisky. Vzácná a pozoruhodná díla
094.5 - Tisky (19. století) = Rukopisy, prvotisky, staré tisky. Vzácná a pozoruhodná díla
094.5 - Tisky (19. stol.) = Rukopisy, prvotisky, staré tisky. Vzácná a pozoruhodná díla
095/096 - Vzácná díla = Rukopisy, prvotisky, staré tisky. Vzácná a pozoruhodná díla
510 - Obecné úvahy o matematice = Matematika
519 - Kombinatorika. Teorie grafů. Matematická statistika. Operační výzkum. Matematické modelování = Kombinatorika. Teorie grafů. Matematická statistika. Operační výzkum. Matematické modelování
616-092 - Experimentální medicína = Lékařské vědy. Lékařství
614.8 - Úrazy a jejich prevence = Veřejné zdraví a hygiena
614.84 - Požáry. Ochrana před požáry = Veřejné zdraví a hygiena
614.8 - Požáry. Ochrana před požáry = Veřejné zdraví a hygiena
616-053.9 - Geriaterie = Geriatrie
322 - Politika a náboženství. Vztahy mezi církví a státem = Politika
321 - Politologie = Politika
323 - Vnitropolitický vývoj, politický život = Vnitřní politika
324 - Volby, volební kampaně, referenda = Vnitřní politika
328 - Zastupitelské orgány. Vlády. Politické systémy jednotlivých zemí = Vnitřní politika
328 - Zastupitelské orgány. Vlády = Vnitřní politika
329 - Politické strany a hnutí = Vnitřní politika
325 - Mezinárodní migrace, exil, kolonizace = Světová politika
327 - Mezinárodní vztahy, světová politika = Světová politika
35.07 - Organizace a řízení veřejné správy = Veřejná správa
351 - Úkoly veřejné správy, správní opatření, legislativa = Veřejná správa
352/354 - Stupně místní, oblastní a ústřední správy = Veřejná správa
356 - Vojenská služba. Pěchota = Vojenství. Obrana země. Ozbrojené síly
357 - Motorizované jednotky. Jezdectvo = Vojenství. Obrana země. Ozbrojené síly
358 - Vojenské letectvo. Dělostřelectvo. Ženijní jednotky. Technické služby armády. Chemické vojsko = Vojenství. Obrana země. Ozbrojené síly
358 - Dělostřelectvo. Ženijní jednotky. Vojenské letectvo. Technické služby armády. Chemické vojsko = Vojenství. Obrana země. Ozbrojené síly
359 - Vojenské námořnictvo a loďstvo = Vojenství. Obrana země. Ozbrojené síly
342.53 - Zákonodárství = Ústavní právo. Správní právo
342.52 - Zákonodárství = Ústavní právo. Správní právo
343.9 - Kriminalistika = Trestní právo
347.7 - Obchodní právo. Finanční právo. Právo průmyslového vlastnictví. Patentové právo. Autorské právo = Soukromé právo
349 - Pracovní právo. Sociální právo. Právo životního prostředí = Pracovní, sociální, stavební právo. Právo životního prostředí
133 - Okultismus = Ezoterismus. Okultismus
159.92 - Vývojová psychologie. Individuální psychologie = Psychologie
159.929 - Srovnávací psychologie = Psychologie
159.93/.94 - Senzorické a motorické funkce. Emoce. Vůle = Psychologie
159.95 - Vyšší duševní procesy = Psychologie
159.96 - Zvláštní duševní stavy a procesy. Hlubinná psychologie = Psychologie
159.96 = Zvláštní duševní stavy a procesy = Psychologie
316.3 - Globální společnosti. Sociální struktura. Sociální skupiny = Sociologie
316.33 - Ekonomická sociologie. Sociologie institucí, lidských sídel a komunit = Sociologie
316.4 - Sociální procesy = Sociologie
364 - Sociální problémy vyžadující podporu a pomoc. Sociální zabezpečení = Zajištění duševních a materiálních potřeb
364-1/-7 - Druhy sociální pomoci a služeb = Zajištění duševních a materiálních potřeb
364.3 - Sociální pojištění. Zdravotní pojištění. Důchody = Zajištění duševních a materiálních potřeb
316.4/.7 - Sociální interakce = Sociální interakce. Sociální komunikace
316.8 - Manželství a rodina. Sexuální vztahy = Manželství a rodina. Sexuální vztahy
364.3 - Sociální pojištění. Zdravotní pojištění = Sociální pojištění. Zdravotní pojištění. Důchody
620.1/.2 - Nauka o materiálu = Technika všeobecně
621.039 - Jaderná technika = Technika všeobecně
621.38 - Elektronika = Elektrotechnika
621.39 - Sdělovací technika = Elektrotechnika
624 - Inženýrské stavitelství = Stavební inženýrství
625 - Pozemní komunikace. Železniční stavitelství = Stavební inženýrství
628 - Zdravotní technika. Úprava vody. Odpadové hospodářství. Světelná technika = Sanitární technika. Vodárenství. Odpadové hospodářství. Světelná technika
628 - Sanitární technika. Úprava vody. Odpadové hospodářství. Světelná technika = Sanitární technika. Vodárenství. Odpadové hospodářství. Světelná technika
629.056.2 - Astronomická navigace = Dopravní prostředky
641 - Kuchařství. Potraviny. Vařená jídla = Domácí hospodářství
642 - Číšnictví. Servírování = Domácí hospodářství
643 - Byt. Místnosti. Vybavení bytu = Domácí hospodářství
644 - Bytové zařízení (sanitární) = Domácí hospodářství
645 - Nábytek = Domácí hospodářství
646 - Odívání. Péče o tělo = Domácí hospodářství
64-051 - Domácí personál = Domácí hospodářství
647 - Domácí personál = Domácí hospodářství
648 - Praní. Čištění = Domácí hospodářství
663 - Průmysl nápojů. Kvasný průmysl. Průmysl pochutin = Potravinářský průmysl
661 - Chemikálie = Chemický průmysl. Chemická technologie
662 - Výbušniny. Paliva = Chemický průmysl. Chemická technologie
665 - Oleje. Tuky. Vosky. Pojiva. Pryskyřice = Chemický průmysl. Chemická technologie
667 - Průmysl barviv = Chemický průmysl. Chemická technologie
67 - Řemesla. Různá odvětví průmyslu = Řemesla. Různá odvětví průmyslu
671 - Předměty z drahých kovů = Řemesla. Různá odvětví průmyslu
672 - Předměty ze železa a oceli = Řemesla. Různá odvětví průmyslu
673 - Předměty z neželezných kovů = Řemesla. Různá odvětví průmyslu
675 - Kožedělný průmysl = Řemesla. Různá odvětví průmyslu
679 - Výroba kabelů, provazů a lan. Průmysl kamene = Řemesla. Různá odvětví průmyslu
681 - Přesná mechanika a přístroje = Řemesla. Různá odvětví průmyslu
681 - Přesná mechanika a přístroje. Hudební nástroje = Řemesla. Různá odvětví průmyslu
682 - Kovářství = Řemesla. Různá odvětví průmyslu
683 - Železářství. Zámečnictví. Topná zařízení = Řemesla. Různá odvětví průmyslu
684 - Nábytkářský průmysl = Řemesla. Různá odvětví průmyslu
685 - Zpracování kůže. Obuvnictví = Řemesla. Různá odvětví průmyslu
686 - Knihařství. Sklenářství. Kancelářské potřeby = Řemesla. Různá odvětví průmyslu
688 - Dekorační předměty. Hračky. Galanterie = Řemesla. Různá odvětví průmyslu
691 - Stavební hmoty = Stavebnictví
692 - Konstrukční prvky a části staveb = Stavebnictví
693 - Zednické práce = Stavebnictví
693 - Zednické dílo = Stavebnictví
694 - Dřevěné stavby. Tesařství. Truhlářství = Stavebnictví
696 - Instalace v budovách = Stavebnictví
696 - Instalace = Stavebnictví
697 - Vytápění, větrání, klimatizace = Stavebnictví
698 - Dokončovací práce = Stavebnictví
699.8 - Ochrana budov = Stavebnictví
613.7 - Zdraví a hygiena volného času, rekreace a spánku = Rekreace. Volný čas. Zábava. Hry. Sport
79 - Rekreace. Zábavy. Hry. Sport = Rekreace. Volný čas. Zábava. Hry. Sport
794.9 - Hry závislé na náhodě = Deskové a stolní hry, logické hry, hry zručnosti
794 - Deskové a stolní hry, logické hry, hry zručnosti, křížkovky = Deskové a stolní hry, logické hry, hry zručnosti
798 - Jezdectví. Závody se spřežením. Sporty s koňmi a jinými zvířaty = Jezdectví. Sporty se zvířaty
7.01/.09 - Umění = Výtvarné umění
71 - Územní plánování. Urbanismus = Územní plánování. Urbanismus. Památková péče
72 - Architektura = Výtvarné umění
72/79 - Výtvarné umění = Výtvarné umění
73 - Sochařství, keramika, porcelán, umělecké zpracování kovů = Výtvarné umění
74 - Kresba. Umělecká řemesla = Výtvarné umění
74 - Kresba. Design. Umělecká řemesla = Výtvarné umění
75 - Malířství = Výtvarné umění
76 - Grafické umění. Grafika = Výtvarné umění
77 - Fotografie = Fotografie. Fotografické postupy
37.014 - Vzdělávací a výchovná politika = Výchova a vzdělávání
37.016 - Učební osnovy. Vyučovací předměty. Učebnice = Výchova a vzdělávání
37.09 - Organizace výuky a vzdělávání = Výchova a vzdělávání
371 - Školství (organizace) = Výchova a vzdělávání
373.5/.6 - Střední školy = Střední školy
004.3 - Technické vybavení. Technické prostředky = Počítače. Hardware
004.4/.6 - Programové vybavení. Programové prostředky = Programování. Software
631 - Zemědělství. Pedologie. Agrotechnika. Agroekologie = Zemědělství a příbuzné oblasti vědy a techniky
632 - Ochrana rostlin. Fytopatologie = Zemědělství a příbuzné oblasti vědy a techniky
636 - Živočišná výroba = Chov zvířat. Živočišná výroba
821.111-1 - Anglická poezie, anglicky psaná = Anglická literatura, anglicky psaná
821.111-2 - Anglické drama, anglicky psané = Anglická literatura, anglicky psaná
821.111-3 - Anglická próza, anglicky psaná = Anglická literatura, anglicky psaná
821.111(73)-1 - Americká poezie = Americká literatura
821.111(73)-2 - Americké drama = Americká literatura
821.111(73)-3 - Americká próza = Americká literatura
821.112.2-1 - Německá poezie, německy psaná = Německá literatura, německy psaná
821.112.2-2 - Německé drama, německy psané = Německá literatura, německy psaná
821.112.2-3 - Německá próza, německy psaná = Německá literatura, německy psaná
821.124-1 - Latinská poezie, latinsky psaná = Latinská literatura, latinsky psaná
821.124-2 - Latinské drama, latinsky psané = Latinská literatura, latinsky psaná
821.124-3 - Latinská próza, latinsky psaná = Latinská literatura, latinsky psaná
821.131.1-1 - Italská poezie = Italská literatura
821.131.1-2 - Italské drama = Italská literatura
821.131.1-3 - Italská próza = Italská literatura
821.133.1-1 - Francouzská poezie, francouzsky psaná = Francouzská literatura, francouzsky psaná
821.133.1-2 - Francouzské drama, francouzsky psané = Francouzská literatura, francouzsky psaná
821.133.1-3 - Francouzská próza, francouzsky psaná = Francouzská literatura, francouzsky psaná
821.134.2-1 - Španělská poezie, španělsky psaná = Španělská literatura, španělsky psaná
821.134.2-2 - Španělské drama, španělsky psané = Španělská literatura, španělsky psaná
821.134.2-3 - Španělská próza, španělsky psaná = Španělská literatura, španělsky psaná
821.14'02-1 - Řecká antická poezie = Řecká antická literatura
821.14'02-2 - Řecké antické drama = Řecká antická literatura
821.14'02-3 - Řecká antická próza = Řecká antická literatura
821.161 - Východoslovanské literatury = Slovanské literatury
821.161.1 - Ruská literatura = Slovanské literatury
821.162 - Západoslovanské literatury = Slovanské literatury
821.162.1 - Polská literatura = Slovanské literatury
821.162.4 - Slovenská literatura = Slovanské literatury
821.163 - Jihoslovanské literatury = Slovanské literatury
821.163.1 - Staroslověnská literatura = Slovanské literatury
821.162.3-1 - Česká poezie = Česká literatura
821.162.3-2 - České drama = Česká literatura
821.162.3-3 - Česká próza = Česká literatura
821-31/-34 - Milostná, dobrodružná, vědeckofantastická próza = Milostná, dobrodružná, fantastická próza
821.134.3 - Portugalská literatura = Portugalská literatura, portugalsky psaná
821.14 - Řecká antická literatura = Řecká antická literatura
821.14-1 - Řecká antická poezie = Řecká antická poezie
821.14-2 - Řecké antické drama = Řecké antické drama
821.14-3 - Řecká antická próza = Řecká antická próza
821-93 - Literatura pro děti a mládež = Literatura pro děti a mládež (beletrie)
821.162.3.09 - Česká literatura - o ní = Česká literatura (o ní)
