aa = Albánie
abc = Alberta
ac = Ashmoreův a Cartierův ostrov
aca = Australian Capital Territory
ae = Alžírsko
af = Afghánistán
ag = Argentina
ai = Arménie
air = Arménská SSR
aj = Ázerbájdžán
ajr = Ázerbájdžánská SSR
aku = Aljaška
alu = Alabama
am = Anguilla
an = Andorra
ao = Angola
aq = Antigua a Barbuda
aru = Arkansas
as = Americká Samoa
at = Austrálie
au = Rakousko
aw = Aruba
ay = Antarktida
azu = Arizona
ba = Bahrajn
bb = Barbados
bcc = Britská Kolumbie
bd = Burundi
be = Belgie
bf = Bahamy
bg = Bangladéš
bh = Belize
bi = Britské indicko-oceánské území
bl = Brazílie
bm = Bermudy
bn = Bosna a Hercegovina
bo = Bolívie
bp = Šalamounovy ostrovy
br = Barma
bs = Botswana
bt = Bhútán
bu = Bulharsko
bv = Bouvetův ostrov
bw = Bělorusko
bwr = Běloruská SSR
bx = Brunej
ca = Karibské Nizozemsko
cau = Kalifornie
cb = Kambodža
cc = Čína
cd = Čad
ce = Srí Lanka
cf = Kongo (Brazzaville)
cg = Kongo (demokratická republika)
ch = Čína (republika : 1949- )
ci = Chorvatsko
cj = Kajmanské ostrovy
ck = Kolumbie
cl = Chile
cm = Kamerun
cn = Kanada
co = Curaçao
cou = Colorado
cp = Ostrovy Canton a Enderbury
cq = Komory
cr = Kostarika
cs = Československo
ctu = Connecticut
cu = Kuba
cv = Kapverdy
cw = Cookovy ostrovy
cx = Středoafrická republika
cy = Kypr
cz = Panamské průplavové pásmo
dcu = Federální oblast Kolumbie
deu = Delaware
dk = Dánsko
dm = Benin
dq = Dominika
dr = Dominikánská republika
ea = Eritrea
ec = Ekvádor
eg = Rovníková Giunea
em = Východní Timor
enk = Anglie
er = Estonsko
err = Estonsko
es = Salvador
et = Etiopie
fa = Faerské ostrovy
fg = Francouzská Guyana
fi = Finsko
fj = Fidži
fk = Falklandy
flu = Florida
fm = Mikronésie
fp = Francouzská Polynésie
fr = Francie
fs = Francouzská jižní a antarktická území
ft = Džibutsko
gau = Georgie
gb = Kiribati
gd = Grenada
ge = Německo, Východní
gh = Ghana
gi = Gibraltar
gl = Grónsko
gm = Gambie
gn = Gilbertovy ostrovy
go = Gabon
gp = Guadeloupe
gr = Řecko
gs = Gruzie
gsr = Gruzínská SSR
gt = Guatemala
gu = Guam
gv = Guinea
gw = Německo
gy = Guyana
gz = Ghaza (též Gaza)
hiu = Havaj
hk = Hongkong
hm = Heardův ostrov a McDonaldovy ostrovy
ho = Honduras
ht = Haiti
hu = Maďarsko
iau = Iowa
ic = Island
idu = Idaho
ie = Irsko
ii = Indie
ilu = Illinois
inu = Indiana
io = Indonésie
iq = Irák
ir = Írán
is = Izrael
it = Itálie
iu = Izraelsko-syrské demilitarizované pásmo
iv = Côte d’Ivoire (Pobřeží Slonoviny)
iw = Izraelsko-jordánské demilitarizované pásmo
iy = Irácko-saudskoarabská neutrální zóna
ja = Japonsko
ji = Johnston (atol)
jm = Jamajka
jn = Jan Mayen (ostrov)
jo = Jordánsko
ke = Keňa
kg = Kyrgizstán
kgr = Kirgizská SSR
kn = Korea severní
ko = Korea jižní
ksu = Kansas
ku = Kuvajt
kv = Kosovo
kyu = Kentucky
kz = Kazachstán
kzr = Kazašská SSR
lau = Louisiana
lb = Libérie
le = Libanon
lh = Lichtenštejnsko
li = Litva
lir = Litva
ln = Střední a jižní ostrovy Line
lo = Lesotho
ls = Laos
lu = Lucembursko
lv = Lotyšsko
lvr = Lotyšsko
ly = Libye
mau = Massachusetts
mbc = Manitoba
mc = Monako
mdu = Maryland
meu = Maine
mf = Mauricius
mg = Madagaskar
mh = Macao
miu = Michigan
mj = Monserrat
mk = Omán
ml = Mali
mm = Malta
mnu = Minnesota
mo = Černá Hora
mou = Missouri
mp = Mongolsko
mq = Martinik
mr = Maroko
msu = Mississippi
mtu = Montana
mu = Mauritánie
mv = Moldavsko
mvr = Moldavská SSR
mw = Malawi
mx = Mexiko
my = Malajsie
mz = Mosambik
na = Nizozemské Antily
nbu = Nebraska
ncu = Severní Karolína
ndu = Severní Dakota
ne = Nizozemsko
nfc = Newfoundland
ng = Niger
nhu = New Hampshire
nik = Severní Irsko
nju = New Jersey
nkc = New Brunswick
nl = Nová Kaledonie
nm = Severní Marianynmu	Nové Mexiko
nmu = Minnesota
nn = Vanuatu
no = Norsko
np = Nepál
nq = Nikaragua
nr = Nigérie
nsc = Nové Skotsko
ntc = Severozápadní teritoria
nu = Nauru
nuc = Nunavut
nvu = Nevada
nw = Severní Marianynmu	Nové Mexiko
nx = Norfolk
nyu = New York (stát)
nz = Nový Zéland
ohu = Ohio
oku = Oklahoma
onc = Ontario
oru = Oregon
ot = Mayotte
pau = Pensylvánie
pc = Pitcairnovy ostrovy
pe = Peru
pf = Paracelské ostrovy (Xisha Qundao)
pg = Guinea-Bissau
ph = Filipíny
pic = Ostrov prince Eduarda
pk = Pákistán
pl = Polsko
pn = Panama
po = Portugalsko
pp = Papua-Nová Guinea
pr = Portoriko
pt = Portugalský Timor
pw = Palau
py = Paraguay
qa = Katar
qea = Queensland
quc = Quebec (provincie)
rb = Srbsko
re = Réunion
rh = Zimbabwe
riu = Rhode Island
rm = Rumunsko
ru = Rusko
rur = Ruská SFSR
rw = Rwanda
ry = Ryukyu (Rjúkjú), jižní ostrovy
sa = Jižní Afrika
sb = Špicberky (Svalbard)
sc = Svatý Bartoloměj
scu = Jižní Karolína
sd = Jižní Súdán
sdu = Jižní Dakota
se = Seychely
sf = Svatý Tomáš a Princův ostrov
sg = Senegal
sh = Španělská severní Afrika (Španělské severoafrické osady)
si = Singapur
sj = Súdán
sk = Sikkim
sl = Sierra Leone
sm = San Marino
sn = Svatý Martin
snc = Saskatchewan
so = Somálsko
sp = Španělsko
sq = Svazijsko
sr = Surinam
ss = Západní Sahara
st = Svatý Martin
stk = Skotsko
su = Saudská Arábie
sv = Swan
sw = Švédsko
sx = Namibie
sy = Sýrie
sz = Švýcarsko
ta = Tádžikistán
tar = Tádžická SSR
tc = Turks a Caicos
tg = Togo
th = Thajsko
ti = Tunisko
tk = Turkmenistán
tkr = Turkmenská SSR
tl = Tokelau
tma = Tasmánie
tnu = Tennessee
to = Tonga
tr = Trinidad a Tobago
ts = Spojené arabské emiráty
tt = Tichomořské ostrovy pod správou USA
tu = Turecko
tv = Tuvalu
txu = Texas
tz = Tanzanie
ua = Egypt
uc = Ostrovy USA v Karibském moři
ug = Uganda
ui = Různé ostrovy pod správou VB (United Kingdom Misc. Islands)
uik = Různé ostrovy pod správou VB (United Kingdom Misc. Islands)
uk = Velká Británie
un = Ukrajina
unr = Ukrajina
up = Ostrovy USA v Tichém oceánu
ur = Sovětský svaz
us = Spojené státy americké
utu = Utah
uv = Burkina
uy = Uruguay
uz = Uzbekistán
uzr = Uzbecká SSR
vau = Virgínie
vb = Britské Panenské ostrovy
vc = Vatikán
ve = Venezuela
vi = Americké Panenské ostrovy
vm = Vietnam
vn = Vietnam, Severní
vp = Různá místa
vra = Victoria
vs = Vietnam, Jižní
vtu = Vermont
wau = Washington (stát)
wb = Berlín, Západní
wea = Západní Austrálie
wf = Wallisovy ostrovy (Wallis a Futuna)
wiu = Wisconsin
wj = Západní břeh řeky Jordán
wk = Wake
wlk = Wales
ws = Samoa
wvu = Západní Virgínie
wyu = Wyoming
xa = Vánoční ostrov
xb = Kokosové ostrovy
xc = Maledivy
xd = Svatý Kryštof a Nevis
xe = Marshallovy ostrovy
xf = Midway (ostrovy)
xga = Coral Sea Islands Territory
xh = Niue
xi = Svatý Kryštof a Nevis a Anguilla
xj = Svatá Helena
xk = Svatá Lucie
xl = Saint Pierre a Miquelon
xm = Svatý Vincenc a Grenadiny
xn = Makedonie
xna = Nový Jižní Wales
xo = Slovensko
xoa = Severní teritorium
xp = Spratly (ostrovy)
xr = Česko
xra = Jižní Austrálie
xs = Jižní Georgie a Jižní Sandwichovy ostrovy
xv = Slovinsko
xx = Bez místa, neznámé nebo neurčené místo
xxc = Kanada
xxk = Velká Británie
xxr = Sovětský svaz
xxu = Spojené státy americké
ye = Jemen
ykc = Yukon
ys = Jemen (lidově demokratická republika)
yu = Jugoslávie
za = Zambie
