articles = article;articles;článek;články
audio_cassette = audio cassette;audio kazeta;audio kazety
audio_cd = audio cd
audio_documents = audio document;audio documents;audio;audio dokument;audio dokumenty
audio_dvd = audio dvd
audio_lp = audio lp
books = book;books;kniha;knihy
ebook = ebook;ebooks;e-book;e-books;ekniha;eknihy;e-kniha;e-knihy
electronic_source = electronic source;e-zdroj;ezdroj;e-zdroje;ezdroje;elektronický zdroj;elektronické zdroje
legislative_agreements = agreements;dohoda;dohody
legislative_code = code;řád
legislative_communication = communication;sdělení
legislative_conditions = conditions;podmínky
legislative_constitutional_laws = constitutional laws;ústavní zákon;ústavní zákony
legislative_conventions = conventions;úmluva;úmluvy
legislative_decisions = decision;decisions;rozhodnutí
legislative_decrees = decrees;dekret;dekrety
legislative_directives = directives;směrnice
legislative_edicts = edicts;výnos;výnosy
legislative_editorial = editorial;redakční oznámení
legislative_finding = finding;nález;nálezy
legislative_government_orders = government orders;nařízení vlády
legislative_guidelines = guidelines;pokyn;pokyny
legislative_laws = laws;zákon;zákony
legislative_laws_text = úplné znění zákona
legislative_measures = measures;opatření
legislative_notice = notice;oznámení
legislative_orders = orders;rozkaz;rozkazy
legislative_ordinances = ordinances;vyhláška;vyhlášky
legislative_principles = principles;zásada;zásady
legislative_procedures = procedures;postup;postupy
legislative_regulations = regulations;nařízení
legislative_resolutions = resolutions;usnesení
legislative_rules = rules;pravidlo;pravidla
legislative_senate_measures = senate measures;zákonná opatření senátu
legislative_statutes = statuses;stanovy
legislative_treaties = treaties;smlouvy
maps = map;maps;mapa;mapy
musical_scores = musical score;musical scores;hudebniny;noty;zpěvník;zpěvníky
norms = norm;norms;norma;normy
other_braille = braille
other_computer_carrier = computer carrier;počítačový nosič;počítačové nosiče
other_dictionaty_entry = slovníkové heslo;slovníková hesla
other_kit = soubor;kit
other_microforms = microform;microforms;mikrodokument;mikrodokumenty
other_mix_document = mix document;smíšený
other_object = trojrozměrný objekt
other_person = person;persons;osoba;osoby
patents_patent_applications = patent applications;přihláška vynálezu;přihlášky vynálezu
patents_patents = patent;patents;patenty
patents_utility_models = utility models;užitný vzor;užitné vzory
periodicals = periodical;periodicals;noviny a časopisy;noviny;časopis;časopisy
thesis_advanced_master = thesis;vysokoškolská práce;vysokoškolské práce;advanced master thesis;rigorózní práce
thesis_bachelor = thesis;vysokoškolská práce;vysokoškolské práce;bachelor;bachelor's thesis;bachelor thesis;bakalářská práce;bakalářské práce;bakalářka;bakalářky
thesis_dissertation = thesis;vysokoškolská práce;vysokoškolské práce;dissertation;dissertation thesis;disertace;dizertace;disertační práce;dizertační práce;disertačka;dizertačka
thesis_habilitation = thesis;vysokoškolská práce;vysokoškolské práce;habilitation;habilitation thesis;habilitační práce;habilitace
thesis_master = thesis;vysokoškolská práce;vysokoškolské práce;master;master's thesis;master thesis;diplomová práce;diplomové práce;diplomka;diplomky
thesis_other = thesis;vysokoškolská práce;vysokoškolské práce
video_bluray = video bluray
video_cd = video cd
video_documents = video document;video documents;video dokument;video dokumenty
video_dvd = video dvd
video_vhs = video vhs
visual_documents = visual document;visual documents;obrazový dokument;obrazové dokumenty
