aar = Afar
abk = Abchazština
ace = Acehština
ada = Adangme
ady = Adygei
afa = Afroasijské jazyky, ostatní
afh = Afrihili (umělý jazyk)
afr = Afrikánština
ach = Ačoli
ain = Ainu
ajm = Aljamía
aka = Akan
akk = Akkadština
alb = Albánština
ale = Aleutština
alg = Algonkinské jazyky
alt = Altajština, severní
amh = Amharština
ang = Anglosaština, stará (cca 450-1100)
anp = Angika
apa = Apačské jazyky
ara = Arabština
arc = Aramejština (700-300 př.n.l.)
arg = Aragonština
arm = Arménština
arn = Mapuche
arp = Arapaho
art = Umělé jazyky, ostatní
arw = Arawacké jazyky
asm = Asámština
ast = Asturiánština, leonéština, bable
ath = Athapaskánské jazyky
aus = Australské jazyky
ava = Avarština
ave = Avestský jazyk
awa = Avadhština (avadhí)
aym = Ajmarština
aze = Ázerbájdžánština
bad = Banda, jazyky
bai = Bamileke
bak = Baškirština
bal = Balúčština
bam = Bambarština
ban = Balijština
baq = Baskičtina
bas = Basa
bat = Baltské jazyky, ostatní
bej = Bedža
bel = Běloruština
bem = Bembština
ben = Bengálština
ber = Berberské jazyky, ostatní
bho = Bhódžpurí (bhódžpurština)
bih = Bihárština
bik = Bikolština
bin = Bini, edo
bis = Bislama
bla = Siksika
bnt = Bantuské jazyky, ostatní, koonzime
bos = Bosenština
bra = Bradžština
bre = Bretonština
btk = Batačtina, jazyky
bua = Burjatština
bug = Bugiština
bul = Bulharština
bur = Barmština
byn = Blin, bilin
cad = Caddo
cai = Indiánské jazyky střední Ameriky, ostatní
cam = Khmerština, centrální
car = Karibština, galibi
cat = Katalánština
cau = Kavkazské jazyky, ostatní
ceb = Cebuánština
cel = Keltské jazyky, ostatní
cmc = Čamské jazyky
cop = Koptština
cor = Kornština
cos = Korsičtina
cpe = Kreolština a jiné pidginy na základě angličtiny
cpf = Kreolština a jiné pidginy na základě francouzštiny
cpp = Kreolština a jiné pidginy na základě portugalštiny
cre = Cree
crh = Krymská tatarština
crp = Kituba (Kongo (Demokratická republika))
csb = Kašubština
cus = Kušitské jazyky, ostatní
cze = Čeština
dak = Dakota
dan = Dánština
dar = Dargwa
day = Dajáčtina, jazyky
del = Delaware
den = Slavey
dgr = Dogrib
din = Dinkština
div = Divehi, maldivien
doi = Dógrí
dra = Drávidské jazyky, ostatní
dsb = Lužická srbština, dolní
dua = Dualština
dum = nizozemština, střední doba (cca 1050-1350)
dut = Nizozemština
dyu = Djula
dzo = Dzongkä
efi = Efik
egy = Egyptština
eka = Ekajuk
elx = Elamština
eng = Angličtina
enm = Angličtina, střední doba (1100-1500)
epo = Esperanto
esk = Eskymáčtina
esp = Esperanto
est = Estonština
eth = Etiopština (geez)
ewe = Eweština
ewo = Ewondo
fan = Fang
fao = Faerština
far = Faerština
fat = Fantiština
fij = Fidžijština
fil = Filipiko; Pilipino
fin = Finština
fiu = Ugrofinské jazyky, ostatní
fon = Fonština
fre = Francouzština
frm = Francouzština, střední doba (cca 1300-1600)
fro = Francouzština, stará (cca 842-1300)
frr = Fríština, severní
frs = Fríština, východní
fry = Fríština, západní
ful = Fulahština
fur = Friulština (furlanština)
gaa = Ga
gae = Scottish Gaelic
gag = Galicijština
gal = Oromština
gay = Gayo
gba = Gbaya
gem = Germánské jazyky, ostatní
geo = Gruzinština
ger = Němčina
gez = Etiopština (geez)
gil = Kiribatština
gla = Skotská gaelština
gle = Irština
glg = Galicijština
glv = Manština (manx)
gmh = Němčina, horní, střední doba (cca 1050-1500)
goh = Němčina, horní, starší doba (cca 750-1050)
gon = Góndština
gor = Gorontalo
got = Gótština
grb = Grebo
grc = Řečtina, starověká (do 1453)
gre = Řečtina, moderní (po 1453)
grn = Guaraní
gsw = Němčina, švýcarská
gua = Guaraní
guj = Gudžarátština
gwi = Gwich'in
hai = Haitsko-francouzská kreolština
hat = Havajština
hau = Hauština
haw = Havajština
heb = Hebrejština
her = Herero
hil = Hiligayonština
him = Himáčalí
hin = Hindština
hit = Chetitština
hmn = Hmongština
hmo = Hiri motu
hrv = Chorvatština
hsb = Lužická srbština, horní
hun = Maďarština
hup = Hupa
cha = Čamoro
chb = Čibča
che = Čečenština
chg = Čagatajština
chi = Čínština
chk = Čukčtina
chm = Marijština
chn = Chinook (činuk) pidžin
cho = Choctawština
chp = Chipewyan
chr = Cherokee
chu = Církevní slověnština
chv = Čuvaština
chy = Čejenština
iba = Iban
ibo = Igbo
ice = Islandština
ido = Ido
iii = S‘čchuanština
ijo = Idžo, jazyky
iku = Inuktitut
ile = Interlingue
ilo = Ilokánština
ina = Interlingua (Mezinárodní pomocná jazyková asociace)
inc = Indo-árijské jazyky, ostatní
ind = Indonéština
ine = Indoevropské jazyky, ostatní
inh = Inguština
int = Interlingua (Mezinárodní pomocná jazyková asociace)
ipk = Inupiaq
ira = Íránské jazyky, ostatní
iri = Irština
iro = Irokézské jazyky
ita = Italština
jav = Javánština
jbo = Lojban
jpn = Japonština
jpr = Judeo-perština
jrb = Judeo-arabština
kaa = Karakalpačtina
kab = Kabulí
kac = “Kačjinština; jingpho“
kal = Kalâtdlisut
kam = Kambština
kan = Kannadština
kar = Kerenština, jazyky
kas = Kašmírí
kau = Kanuri
kaw = Kawi
kaz = Kazaština
kbd = Kabardština
kha = Khásí
khi = Khoisanské jazyky, ostatní
khm = Khmerština, centrální
kho = Chotánština
kik = Kukujština
kin = Rwandština
kir = Kyrgyzština
kmb = Kimbundština
kok = Kónkánština
kom = Komijština
kon = Konžština
kor = Korejština
kos = Kosrajština (kusaie)
kpe = Kapelle
krc = Karačajevo-balkarština
krl = Karelština
kro = Kru, jazyky
kru = Kurukh
kua = Kuaňamština
kum = Kumyčtina
kur = Kurdština
kus = Kusaie
kut = Kutenai
lad = Ladinština
lah = Lahndština
lam = Lambština
lan = Okcitánština (po 1500)
lao = Laoština
lap = Sami jazyky
lat = Latina
lav = Lotyština
lez = Lezgiština
lim = Limburština
lin = Lingalština
lit = Litevština
lol = Mongština
loz = Lozština
ltz = Lucemburština
lua = Luba-luluaština
lub = Lubu-katanžština
lug = Ganda
lui = Luiseño
lun = Lundština
luo = Luoština (Keňa a Tanzanie)
lus = Lušáí
mac = Makedonština
mad = Madurština
mag = Magahština
mah = Maršalština
mai = Maithilština
mak = Makasarština
mal = Malajálamština
man = Mandingština
mao = Maorština
map = Mortlock
mar = Maráthština
mas = Masajština
max = Manština (manx)
may = Malajština
mdf = Mokša
mdr = Mandar
men = Mende
mga = Irština, střední doba (cca 1100-1550)
mic = Micmac
min = Minangkabau
mis = Nekódované jazyky
mkh = Mon-khmerské jazyky, ostatní
mla = Malgaština
mlg = Malgaština
mlt = Maltština
mnc = Manchu
mni = Manipurština
mno = Manobo jazyky
moh = Mohawk
mol = Moldavština moldovština
mon = Mongolština
mos = Mosi (more)
mul = Více jazyků
mun = Mundské jazyky
mus = Muskogee
mwl = Mirandeština
mwr = Márvárština
myn = Mayské jazyky
myv = Erzja
nah = Nahusto, jazyky
nai = Kumiai
nap = Neapolská italština
nau = Nauruština
nav = Navahština (navaho)
nbl = Ndebelština (Jižní Afrika)
nde = Ndebelština (Zimbabwe)
ndo = Ndondština
nds = Němčina, dolní (plattdeutsch)
nep = Nepálština
new = Névárština
nia = Nias
nic = Kuo (Kameron a Čad), farefare
niu = Niue
nno = Nynorsk
nob = Bokmål
nog = Nogai
non = Staroseverština
nor = Norština
nqo = N'Ko
nso = Sothoština, severní; pedi; sepedi
nub = Nubijské jazyky
nwc = Newari, klasická
nya = Ňandžština
nym = Ňamwežština
nyn = Nyankolština
nyo = Nyorština
nzi = Nzima
oci = Okcitánština (po 1500)
oji = Odžibwejština
ori = Urijština
orm = Oromština
osa = Osage
oss = Osetština
ota = Turečtina, osmanská
oto = Otomí, jazyky
paa = Ese
pag = Pangsinan
pal = Pahlaví (střední perština)
pam = Pampangau
pan = Paňdžábština
pap = Papiamento
pau = Palauština
peo = Perština, stará (600-400 př. K.)
per = Perština
phi = Filipínské jazyky, ostatní
phn = Foiničtina
pli = Páli
pol = Polština
pon = Pohnpeiština (ponape)
por = Portugalština
pra = Prákrty
pro = Provensálština, stará, okcitánština, stará (do 1500),
pus = Pašto (pachto, paštština)
que = Kečuánština
raj = Rádžasthánština
rap = Rapanuiština
rar = Rarotongština, maorština Cookovy ostrovy
roa = Románské jazyky, ostatní
roh = Románština
rom = Romština
rum = Rumunština, moldovština, moldavština
run = Rundština
rup = Makedo-rumunština, aroumain
rus = Ruština
sad = Sandawština
sag = Sangština
sah = Jakutština
sai = Jihoamerické indiánské jazyky, ostatní
sal = Salishské jazyky
sam = Samarština
san = Sanskrt
sao = Samojština
sas = Sasakština
sat = Santálí
scc = Srbština
scn = Sicilština
sco = Skotština
scr = Chorvatština
sel = Selkupština
sem = Semitské jazyky, ostatní
sga = Irština, stará (do 900)
sgn = Znakové jazyky
shn = Šanština
sho = Šonština
sid = Sidamo
sin = Sinhálština
sio = Siouxské jazyky, ostatní
sit = Sinotibetské jazyky, ostatní
sla = Slovanské jazyky, ostatní
slo = Slovenština
slv = Slovinština
sma = Sami jazyky, jižní
sme = Sami jazyky, severní
smi = Sami jazyky
smj = Lule Sami
smn = Inari Sami
smo = Samojština
sms = Skolt Sami
sna = Šonština
snd = Sindhština
snh = Sinhálština
snk = Sonikština
sog = Soghdština
som = Somálština
son = Songhajština, jazyky
sot = Sothoština, jižní
spa = Španělština
srd = Sardština
srn = Sranan tongo
srp = Srbština
srr = Serer
ssa = Dazaga
sso = Sothoština, jižní
ssw = Svatština
suk = Sukuma
sun = Sundština
sus = Susu
sux = Sumerština
swa = Svahilština
swe = Švédština
swz = Svatština
syc = Syrština, klasická
syr = Syrština, moderní
tag = Tagalština
tah = Tahitština
tai = Thajské jazyky, ostatní
taj = Tadžičtina
tam = Tamilština
tar = Tatarština
tat = Tatarština
tel = Telugu
tem = Temne
ter = Tereno
tet = Tetumština
tgk = Tadžičtina
tgl = Tagalština
tha = Thajština
tib = Tibetština
tig = Tigrejština
tir = Tigriňa
tiv = Tivština
tkl = Tokelauština
tlh = Klingon
tli = Tlingit
tmh = Tamašek
tog = Tongština (nyasa)
ton = Tongština
tpi = Tok Pisin
tru = Truk
tsi = Tsimshijské jazyky
tsn = Tswanština (čwanština)
tso = Tsongština
tsw = Tswanština (čwanština)
tuk = Turkmenština
tum = Tumbukština
tup = Tupi jazyky
tur = Turečtina
tut = Altajské jazyky, ostatní
tvl = Tuvalština
twi = Twi
tyv = Tuvština
udm = Udmurtština
uga = Ugaritština
uig = Ujgurština
ukr = Ukrajinština
umb = Umbundu
und = Neurčený, nezjistitelný
urd = Urdština
uzb = Uzbečtina
vai = Vai
ven = Vendština
vie = Vietnamština
vol = Volapük
vot = Votiatština
wak = Wakashské jazyky
wal = Walamština; wolaytta
war = Waray
was = Washo
wel = Velština
wen = Lužická srbština
wln = Valonština
wol = Wolofština
xal = Kalmyčtina, oirat
xho = Xhosština
yao = Jaoština
yap = Yapese
yid = Jidiš
yor = Jorubština
ypk = Yupik
yxx = Nelze použít, není lingvistický obsah
zap = Zapotéčtina
zbl = Bliss
zen = Zenaga
zha = Čuangština
znd = Zandština, jazyky
zul = Zuluština
zun = Zunijština
zxx = Nelze použít, není lingvistický obsah
zza = Zaza; dimili, kirdki, kirmanjki
