AB = Praha
BE = Beroun
BK = Blansko
BN = Benešov
BO = Brno
BR = Bruntál
BV = Břeclav
CB = České Budějovice
CH = Cheb
CK = Český Krumlov
CL = Česká Lípa
CR = Chrudim
CV = Chomutov
DC = Děčín
DO = Domažlice
FM = Frýdek Místek
HB = Havlíčkův Brod
HK = Hradec Králové
HO = Hodonín
JC = Jičín
JE = Jeseník
JH = Jindřichův Hradec
JI = Jihlava
JN = Jablonec nad Nisou
KA = Karviná
KH = Kutná Hora
KL = Kladno
KM = Kroměříž
KO = Kolín
KT = Klatovy
KV = Karlovy Vary
LI = Liberec
LN = Louny
LT = Litoměřice
MB = Mladá Boleslav
ME = Mělník
MO = Most
NA = Náchod
NB = Nymburk
NJ = Nový Jičín
OL = Olomouc
OP = Opava
OS = Ostrava
PA = Pardubice
PB = Příbram
PE = Pelhřimov
PI = Písek
PN = Plzeň
PR = Přerov
PT = Prachatice
PV = Prostějov
RA = Rakovník
RK = Rychnov nad Kněžnou
RO = Rokycany
SM = Semily
SO = Sokolov
ST = Strakonice
SU = Šumperk
SV = Svitavy
TA = Tábor
TC = Tachov
TP = Teplice
TR = Třebíč
TU = Trutnov
UH = Uherské Hradiště
UL = Ústí nad Labem
UO = Ústí nad Orlicí
VS = Vsetín
VV = Vranov
VY = Vyškov
ZL = Zlín
ZN = Znojmo
ZR = Žďár nad Sázavou
