ABA001 = Národní knihovna České republiky - Novodobé fondy a služby Praha
ABA003 = Národní knihovna České republiky - Knihovnický institut - Knihovna knihovnické literatury Praha
ABA004 = Národní knihovna České republiky - Slovanská knihovna Praha
ABA006 = Vysoká škola ekonomická - Centrum informačních a knihovnických služeb Praha
ABA007 = Knihovna Akademie věd ČR Praha
ABA008 = Národní lékařská knihovna Praha
ABA009 = Zemědělská a potravinářská knihovna - Ústav zemědělských a potravinářských informací Praha
ABA010 = Národní muzeum - Knihovna Národního muzea Praha
ABA012 = Ústav pro informace ve vzdělávání - Národní pedagogická knihovna Komenského Praha
ABA013 = Národní technická knihovna
ABA601 = Výzkumný ústav lesního hospodářství a myslivosti - OS VTEI Praha - Zbraslav
ABB001 = Akademie věd ČR - Archeologický ústav, v.v.i.
ABB002 = Masarykův ústav a Archiv AV ČR, v.v.i. - Knihovna Archivu
ABB010 = Akademie věd ČR - Filozofický ústav, v.v.i. - Filozofická knihovna
ABB012 = Akademie věd ČR - Fyzikální ústav, v.v.i.
ABB015 = Akademie věd ČR - Geologický ústav, v.v.i.
ABB016 = Ústav struktury a mechaniky hornin AV ČR, v.v.i. - Knihovna
ABB018 = Kabinet pro klasická studia FLÚ AV ČR, v. v. i. - Knihovna
ABB019 = Akademie věd ČR - Sociologický ústav, v.v.i. - Sociologická knihovna
ABB022 = Akademie věd ČR - Fyziologický ústav, v.v.i. - Středisko vědeckých informací
ABB030 = Akademie věd ČR - Orientální ústav, v.v.i.
ABB033 = Akademie věd ČR - Ústav fyzikální chemie Jaroslava Heyrovského
ABB036 = Historický ústav AV ČR, v.v.i. - Knihovna
ABB038 = Fyzikální ústav AV ČR, v.v.i. - Knihovna
ABB040 = Akademie věd ČR - Ústav makromolekulární chemie
ABB041 = Akademie věd ČR - Ústav organické chemie a biochemie - Středisko vědeckých informací
ABB043 = Akademie věd ČR - Etnologický ústav, v.v.i. - Knihovna
ABB045 = Akademie věd ČR - Etnologický ústav, v.v.i. - Kabinet hudební historie - Knihovna
ABB046 = Akademie věd ČR - Ústav pro hydrodynamiku, v.v.i. - Knihovna
ABB048 = Ústav dějin umění AV ČR, v. v. i. - Knihovna
ABB050 = Ústav fotoniky a elektroniky AV ČR, v.v.i. - Středisko vědeckých informací
ABB051 = Akademie věd ČR - Ústav státu a práva - Středisko vědeckých informací
ABB053 = Ústav teoretické a aplikované mechaniky AV ČR, v. v. i. - Knihovna
ABB054 = Ústav chemických procesů AV ČR, v.v.i. - Knihovna
ABB055 = Akademie věd ČR - Ústav teorie informace a automatizace
ABB056 = Ústav termomechaniky AV ČR, v. v. i. - Knihovna
ABB059 = Akademie věd ČR - Psychologický ústav - pobočka Praha
ABB060 = Ústav pro českou literaturu AV ČR, v. v. i. - Knihovna
ABB063 = Ústav fyziky atmosféry AV ČR, v.v.i. - Knihovna
ABB066 = Univerzita Karlova v Praze - Centrum pro teoretická studia - Knihovna
ABB071 = Akademie věd ČR - Slovanský ústav, v.v.i. - Knihovna
ABB076 = Akademie věd ČR - Ústav informatiky
ABB083 = Akademie věd ČR - Ústav pro soudobé dějiny - knihovna Praha
ABB085 = Masarykův ústav a Archiv AV ČR, v.v.i. - Knihovna vědeckého útvaru Masarykův ústav
ABB501 = Astronomický ústav AV ČR, v.v.i. - Knihovna
ABB502 = Akademie věd ČR - Botanický ústav, v.v.i.
ABC011 = Ústav hematologie a krevní transfuze - Středisko vědeckých lékařských informací
ABC013 = Univerzita Karlova v Praze - Ústřední knihovna
ABC016 = Ústav mezinárodních vztahů - Knihovna Praha
ABC023 = Česká geologická služba - knihovna Praha
ABC025 = Výzkumný ústav rostlinné výroby, v.v.i. - Knihovna
ABC121 = Ústav jaderného výzkumu Řež, a.s. - Knihovna
ABC163 = CEFRES - Francouzský ústav pro výzkum ve společenských vědách - knihovna Praha
ABC513 = Výzkumný ústav Silva Taroucy pro krajinu a okrasné zahradnictví, v. v. i. - knihovna
ABD001 = Univerzita Karlova v Praze - Filozofická fakulta - Středisko vědeckých informací
ABD003 = Univerzita Karlova - Právnická fakulta - Knihovna Praha
ABD005 = Univerzita Karlova - Pedagogická fakulta Ústřední knihovna
ABD006 = Univerzita Karlova v Praze - 1. lékařská fakulta - Ústav vědeckých informací
ABD007 = Univerzita Karlova v Praze - 2. lékařská fakulta - Ústav vědeckých informací
ABD008 = Univerzita Karlova - 3. lékařská fakulta Praha
ABD009 = Univerzita Karlova v Praze - Matematicko-fyzikální fakulta - Knihovna MFF - odd. matematické
ABD010 = Univerzita Karlova v Praze - Matematicko-fyzikální fakulta - Knihovna MFF UK - oddělení fyzikální
ABD012 = Univerzita Karlova - Přírodovědecká fakulta - Oborová knihovna chemie Praha
ABD013 = Univerzita Karlova - Přírodovědecká fakulta - Geologická knihovna Praha
ABD014 = Univerzita Karlova v Praze - Fakulta tělesné výchovy a sportu - Ústřední tělovýchovná knihovna
ABD015 = ČVUT knihovna Fakulty elektrotechnické
ABD018 = ČVUT knihovna fakulty jaderné a fyzikálně inženýrské
ABD020 = Akademie múzických umění v Praze - Knihovna AMU - Ředitelství
ABD024 = Vysoká škola umělecko-průmyslová
ABD025 = Vysoká škola chemicko-technologická v Praze - Centrum informačních služeb
ABD026 = Česká zemědělská univerzita v Praze - Studijní a informační centrum
ABD027 = Univerzita Karlova - Evangelická teologická fakulta - knihovna Praha
ABD043 = Univerzita Karlova - Přírodovědecká fakulta - Knihovna antropologie Praha
ABD044 = Univerzita Karlova - Přírodovědecká fakulta - Knihovna katedry botaniky Praha
ABD046 = Univerzita Karlova - Přírodovědecká fakulta - Knihovna kateder zoologie Praha
ABD063 = Univerzita Karlova - Přírodovědecká fakulta - Geografická knihovna Praha
ABD064 = Univerzita Karlova - Katolická teologická fakulta - Centrální katolická knihovna Praha
ABD065 = Univerzita Karlova v Praze - Přírodovědecká fakulta - Mapová sbírka
ABD066 = ČVUT knihovna Fakulty dopravní
ABD067 = Univerzita Karlova - Přírodovědecká fakulta - Knihovna filosofie a dějin přírodních věd Praha
ABD100 = ČVUT - Výpočetní a informační centrum - oddělení knihoven Praha
ABD103 = Univerzita Karlova v Praze - Fakulta sociálních věd - Středisko vědeckých informací
ABD107 = Univerzita Karlova - Knihovna společenských věd T.G.Masaryka v Jinonicích Praha
ABD113 = Univerzita Karlova v Praze - Ústav dějin UK a Archiv UK - Knihovna
ABD147 = Univerzita Karlova v Praze - Ústřední knihovna - Evropské dokumentační a informační středisko - knihovna
ABD156 = Univerzita Karlova v Praze - Husitská teologická fakulta
ABD157 = Univerzita Karlova - Přírodovědecká fakulta - Ústav pro životní prostředí - Knihovna Praha
ABD159 = knihovna Masarykova ústavu vyšších studií ČVUT
ABD168 = Univerzita Karlova v Praze - Přírodovědecká fakulta - Středisko vědeckých informací
ABD170 = Univerzita Karlova v Praze - Matematicko-fyzikální fakulta - Knihovna MFF - odd. informatické
ABD180 = Vysoká škola hotelová v Praze 8, spol. s.r.o. - knihovna
ABE015 = Národní lékařská knihovna - oddělení vědeckých informací při Ministerstvu zdravotnictví
ABE031 = Česká národní banka - odborná knihovna
ABE050 = Ministerstvo životního prostředí ČR - Referenční informační středisko - odborná knihovna
ABE179 = Informační centrum o NATO Praha
ABE190 = Gender Studies - Knihovna Praha
ABE193 = Americké centrum - Velvyslanectví USA - knihovna
ABE195 = Masarykova demokratická akademie
ABE288 = Hospicové občanské sdružení Cesta domů - Knihovna
ABE304 = Divadelní ústav - Knihovna
ABE306 = Národní muzeum - Historické muzeum - sbírka dějin tělesné výchovy a sportu - knihovna
ABE310 = Uměleckoprůmyslové muzeum v Praze - Knihovna Praha
ABE311 = Národní technické muzeum - Knihovna Praha
ABE320 = Národní památkový ústav - Ústřední pracoviště - Knihovna
ABE323 = Židovské muzeum - Knihovna Praha
ABE336 = Památník národního písemnictví Praha
ABE340 = Institut Terezínské iniciativy - Knihovna
ABE363 = Multikulturní centrum - Knihovna Praha
ABE365 = Junák svaz skautů a skautek ČR
ABE367 = Magistrát hl.m.Prahy - Archiv hl.m.Prahy - Knihovna
ABE369 = Česká vědecká společnost pro mykologii, o.s. - Knihovna
ABE370 = Národní muzeum - České muzeum hudby - Hudebně-historické oddělení
ABE400 = Národní galerie v Praze
ABE449 = Goethe-Institut Praha - Knihovna
ABG001 = Městská knihovna v Praze
ABG502 = Husova knihovna v Říčanech
ABG503 = Knihovna Eduarda Petišky
ABG802 = Řízení letového provozu České republiky, s.p. - Letecká škola - Knihovna
BEE001 = Muzeum Českého krasu v Berouně - Knihovna
BEG001 = Městská knihovna Beroun
BKG001 = Městská knihovna Blansko
BKG501 = Kulturní zařízení města Boskovice - Městská knihovna
BKG502 = Městské kulturní středisko Letovice - knihovna
BNG001 = Městská knihovna Benešov
BNG501 = Městská knihovna Votice
BOA001 = Moravská zemská knihovna Brno
BOB001 = Archeologický ústav AV ČR, Brno, v.v.i. - Knihovna
BOB002 = Akademie věd ČR - Biofyzikální ústav
BOB004 = Ústav geoniky AV ČR, v. v. i. - pobočka Brno - Environmentální geografie - knihovna
BOB007 = Akademie věd ČR - Historický ústav - pobočka Brno
BOB008 = Akademie věd ČR - Ústav analytické chemie, v.v.i. - Knihovna
BOB010 = Etnologický ústav AV ČR, v. v. i. - pobočka Brno - Knihovna
BOB011 = Ústav biologie obratlovců AV ČR, v. v. i. - Středisko vědeckých informací
BOB012 = Akademie věd ČR - Ústav přístrojové techniky
BOB013 = Akademie věd ČR - Ústav fyziky materiálu - Knihovna
BOB026 = Centrum výzkumu globální změny AV ČR, v.v.i. - Knihovna
BOD001 = Masarykova univerzita - Filozofická fakulta - Ústřední knihovna
BOD002 = Masarykova univerzita - Knihovna univerzitního kampusu - fond Lékařské fakulty MU
BOD003 = Masarykova univerzita - Pedagogická fakulta - Ústřední knihovna
BOD004 = Masarykova univerzita - Přírodovědecká fakulta - Ústřední knihovna
BOD008 = Veterinární a farmaceutická univerzita Brno
BOD009 = Vysoké učení technické v Brně - Ústřední knihovna
BOD010 = Masarykova univerzita - Právnická fakulta - Ústřední knihovna
BOD016 = Vysoké učení technické v Brně - Fakulta architektury - Informační centrum
BOD018 = Masarykova univerzita - Fakulta informatiky - Knihovna
BOD022 = Masarykova univerzita - Ekonomicko-správní fakulta - Středisko vědeckých informací
BOD024 = Vysoké učení technické v Brně - Fakulta výtvarných umění - Knihovna
BOD026 = Vysoké učení technické v Brně - Fakulta strojního inženýrství - Areálová knihovna
BOD029 = Vysoká škola chemicko-technologická - Ústřední knihovna
BOD030 = Vysoké učení technické v Brně - Fakulta informačních technologií - Knihovna
BOD031 = Masarykova univerzita - Fakulta sociálních studií - Ústřední knihovna
BOD032 = Masarykova univerzita - Fakulta sportovních studií - Knihovna
BOD033 = Masarykova univerzita - Univerzitní knihovna pro studenty se specifickými nároky
BOD034 = Masarykova univerzita - Knihovna univerzitního kampusu
BOD035 = Masarykova univerzita - Knihovna univerzitního kampusu - Chemicko-biologická sbírka PřF MU
BOD114 = Masarykova univerzita - Ústav výpočetní techniky - Knihovnicko-informační centrum
BOD115 = Vysoké učení technické v Brně - Fakulta stavební - Knihovnické informační centrum
BOD116 = Vysoké učení technické v Brně - Fakulta chemická - Knihovna Fakulty chemické
BOD117 = Vysoké učení technické v Brně - Fakulta elektrotechniky a komunikačních technologií - Areálová knihovna
BOE201 = Fakultní nemocnice u sv.Anny v Brně - Lékařská knihovna Brno
BOE303 = Moravská galerie v Brně
BOE310 = Moravské zemské muzeum - Oddělení knihovnických a dokumentačních služeb - Ústřední knihovna Brno
BOE314 = Občanské sdružení DEN - Brno - Knihovna DEN
BOE451 = Biskupství brněnské - Knihovna
BOE801 = Muzeum Brněnska - Knihovna
BOG001 = Knihovna Jiřího Mahena v Brně
BOG505 = Městská knihovna Kuřim
BRE302 = Muzeum v Bruntále - Muzejní knihovna
BRG001 = Městská knihovna Bruntál
BRG501 = Městská knihovna Rýmařov
BRG502 = Městská knihovna Vrbno pod Pradědem
BRG503 = Městská knihovna Krnov
BRG504 = Městská knihovna Město Albrechtice
BRG505 = Místní knihovna Jindřichov
BRG506 = Městská knihovna Moravský Beroun
BRG507 = Městská knihovna Horní Benešov
BRG508 = Městská knihovna Břidličná
BRG509 = Obecní knihovna Osoblaha
BRG510 = Obecní knihovna Dvorce u Bruntálu
BVG001 = Městská knihovna Břeclav
CBA001 = Jihočeská vědecká knihovna v Českých Budějovicích
CBD005 = Jihočeská univerzita - Teologická fakulta - Knihovna České Budějovice
CBD006 = Vysoká škola evropských a regionálních studií, o.p.s. - Knihovna
CBD007 = Akademická knihovna JU České Budějovice
CBG506 = Městská knihovna Týn nad Vltavou
CKG001 = Městská knihovna v Českém Krumlově
CLE301 = Vlastivědné muzeum a galerie v České Lípě
CLG001 = Městská knihovna Česká Lípa
CRE301 = Knihovna Regionálního muzea v Chrudimi
CRG001 = Městská knihovna Chrudim
CVE001 = Oblastní muzeum Chomutov - Veřejná knihovna a studovna
CVG001 = Středisko knihovnických a kulturních služeb Chomutov
DCG302 = Městská knihovna Děčín, příspěvková organizace
DCG503 = Městská knihovna Rumburk
DOE502 = Speciální ornitologická knihovna Holýšov
DOG001 = Městská knihovna Boženy Němcové Domažlice
FMA601 = VÚHŽ, a.s. - Knihovna
FMG002 = Městská knihovna Frýdek-Místek, příspěvková organizace
FMG501 = Městská knihovna Vratimov
FMG502 = Městská knihovna Třinec, příspěvková organizace
FMG504 = Městská knihovna Frýdlant nad Ostravicí
FMG508 = Město Brušperk - Městská knihovna
FMG510 = Místní knihovna Dobrá
HBG001 = Krajská knihovna Vysočiny
HKA001 = Studijní a vědecká knihovna v Hradci Králové
HKD001 = Univerzita Karlova v Praze - Lékařská fakulta v Hradci Králové - Lékařská knihovna LF a FN
HKD003 = Univerzita Karlova v Praze - Farmaceutická fakulta v Hradci Králové - Středisko vědeckých a knihovnických informací
HKE302 = Muzeum východních Čech v Hradci Králové - Historické oddělení Hradec Králové
HKG001 = Knihovna města Hradce Králové
HOE301 = Masarykovo muzeum v Hodoníně - Knihovna
HOE802 = Masarykovo muzeum v Hodoníně, p.o. - pobočka Vlastivědné muzeum Kyjov - Knihovna
HOG001 = Městská knihovna Hodonín
CHD001 = Západočeská univerzita - Univerzitní knihovna - Ekonomická knihovna Cheb
CHE702 = Městská knihovna Františkovy Lázně
CHG001 = Městská knihovna v Chebu
CHG501 = Městská knihovna Mariánské lázně
JCG001 = Městská knihovna Jičín
JEG502 = Knihovna Vincence Priessnitze v Jeseníku, příspěvková organizace
JEG503 = Městská knihovna Zlaté Hory
JEG506 = Obecní knihovna Lipová-lázně
JEG507 = Obecní knihovna Bělá pod Pradědem
JHB502 = Akademie věd ČR - Botanický ústav - Vědeckovýzkumný úsek II - Třeboň
JHD001 = Vysoká škola ekonomická v Praze - Fakulta managementu se sídlem v Jindřichově Hradci - Knihovna
JHE301 = Muzeum Jindřichohradecka - Odborná knihovna
JHG001 = Městská knihovna Jindřichův Hradec
JHG502 = Městská knihovna Dačice
JID501 = Masarykova univerzita - Univerzitní centrum Telč - Knihovna
JIE303 = Oblastní galerie Vysočiny v Jihlavě - knihovna
JIG001 = Městská knihovna Jihlava
JNG001 = Městská knihovna Jablonec nad Nisou
KAE701 = Nemocnice s poliklinikou Havířov - Lékařská knihovna
KAE801 = Muzeum Těšínska, p.o. - Muzejní knihovna Silesia
KAG001 = Regionální knihovna Karviná
KAG502 = Městská knihovna Orlová - oddělení knihovna
KAG503 = Městská knihovna Havířov
KAG505 = K3 Bohumín - středisko knihovna
KAG506 = Městská knihovna Český Těšín
KHE503 = Městské muzeum a knihovna Čáslav - Městské muzeum - Knihovna
KHG001 = Městská knihovna Kutná Hora
KHG505 = Městské muzeum a knihovna Čáslav - Městská knihovna
KLD001 = ČVUT v Praze - Fakulta biomedicínského inženýrství - Knihovna
KLG001 = Středočeská vědecká knihovna v Kladně
KLG501 = Knihovna Václava Štecha Slyný
KMC001 = Zemědělský výzkumný ústav Kroměříž
KME301 = Muzeum Kroměřížska - Knihovna
KMG001 = Knihovna Kroměřížska Kroměříž
KMG450 = Arcibiskupské gymnázium v Kroměříži
KMG503 = Městská knihovna Morkovice - Slížany
KOE301 = Regionální muzeum v Kolíně - knihovna
KOE801 = Regionální muzeum v Kolíně - Podlipanské muzeum v Českém Brodě - Knihovna
KOG001 = Městská knihovna Kolín
KTG001 = Městská knihovna Klatovy
KTG501 = Městské kulturní středisko - Městská knihovna Sušice
KVG001 = Krajská knihovna Karlovy Vary
KVG501 = Městská knihovna Ostrov nad Ohří
LIA001 = Krajská vědecká knihovna v Liberci
LID001 = Technická univerzita v Liberci - Univerzitní knihovna
LIE302 = Severočeské muzeum v Liberci - Knihovna
LNE301 = Oblastní muzeum v Lounech, příspěvková organizace - Knihovna
LNG501 = Městská knihovna Žatec
LTE001 = Severočeská galerie výtvarného umění v Litoměřicích - knihovna
MBG001 = Knihovna města Mladá Boleslav
MEG501 = Městská knihovna Kralupy nad Vltavou
MOE002 = Oblastní muzeum v Mostě, příspěvková organizace - Knihovna
MOG501 = Městská knihovna Litvínov
NAE502 = Národní památkový ústav - Územní odborné pracoviště v Josefově - knihovna
NAE802 = Městské muzeum v Jaroměři - knihovna
NAG001 = Městská knihovna Náchod
NAG502 = Městská knihovna Jaroměř
NJG001 = Městské kulturní středisko v Novém Jičíně - knihovna
NJG502 = Městská knihovna Frenštát pod Radhoštěm
NJG505 = Kulturní dům Kopřivnice, o.p. - Městská knihovna Kopřivnice - Městská knihovna
OLA001 = Vědecká knihovna v Olomouci
OLD012 = Univerzita Palackého v Olomouci - Knihovna UP - Ústřední knihovna
OLE303 = Muzeum umění Olomouc, s.p.o. - Dokumentační oddělení - Knihovna
OLG001 = Knihovna města Olomouce
OLG501 = Městská kulturní zařízení, p.o. - Městská knihovna Šternberk
OPD001 = Slezská univerzita - Filozoficko-přírodovědecká fakulta - Ústřední knihovna Opava
OPE301 = Slezské zemské muzeum - Ústřední knihovna
OPG001 = Knihovna Petra Bezruče v Opavě
OPG503 = Městská knihovna - Informační centrum Hradec nad Moravicí
OPG508 = Městská knihovna Vítkov
OSA001 = Moravskoslezská vědecká knihovna v Ostravě
OSD001 = Ostravská univerzita v Ostravě - Univerzitní knihovna
OSD002 = Vysoká škola báňská - Technická univerzita Ostrava
OSE201 = Fakultní nemocnice s poliklinikou Ostrava
OSE203 = Zdravotní ústav se sídlem v Ostravě
OSE306 = Galerie výtvarného umění v Ostravě, příspěvková organizace - Knihovna
OSG002 = Knihovna města Ostravy
PAD001 = Univerzita Pardubice - Informační centrum - Univerzitní knihovna
PAE301 = Východočeské muzeum v Pardubicích - Muzejní knihovna
PAE303 = Národní památkový ústav - Územní odborné pracoviště v Pardubicích - odborná knihovna
PAG001 = Krajská knihovna v Pardubicích
PBG001 = Knihovna Jana Drdy Příbram
PEG001 = Kulturní zařízení města Pelhřimova - Městská knihovna
PIG001 = Městská knihovna Písek
PNA001 = Studijní a vědecká knihovna Plzeňského kraje Plzeň
PND001 = Univerzita Karlova v Praze - Lékařská fakulta v Plzni - Středisko vědeckých informací
PND002 = Západočeská univerzita - Univerzitní knihovna - Pedagogická knihovna Plzeň
PND003 = Západočeská univerzita - Univerzitní knihovna - Knihovna Bory Plzeň 29853
PND007 = Západočeská univerzita - Univerzitní knihovna - Právnická knihovna Plzeň
PND008 = Západočeská univerzita - Univerzitní knihovna Plzeň
PND009 = Západočeská univerzita v Plzni - Univerzitní knihovna - Knihovna zdravotnických studií
PNE202 = Fakultní nemocnice v Plzni - Lékařská knihovna
PNE303 = Západočeské muzeum v Plzni - Knihovna
PNE307 = Západočeská galerie v Plzni - Knihovna
PNG001 = Knihovna města Plzně
PRE302 = Muzeum Komenského v Přerově - Knihovna
PRG001 = Městská knihovna v Přerově, příspěvková organizace
PRG501 = Městská knihovna Hranice na Moravě
PTG001 = Městská knihovna Prachatice
PVG001 = Městská knihovna Prostějov
RKC502 = Výzkumný ústav lesního hospodářství a myslivosti, v.v.i. - Výzkumná stanice Opočno - Knihovna
RKG001 = Městská knihovna Rychnov nad Kněžnou
RKG503 = Městská knihovna Kostelec nad Orlicí
ROE301 = Muzeum Dr.Bohuslava Horáka v Rokycanech - Oddělení informací a knihovna
SME801 = Muzeum Českého ráje v Turnově Knihovna
SMG506 = Městská knihovna Antonína Marka Turnov
SOG001 = Městská knihovna Sokolov
SOG504 = Městská knihovna Chodov
STG001 = Šmidingerova knihovna Strakonice
SUG001 = Městská knihovna Šumperk
SUG506 = Místní knihovna Libina
SUG510 = Obecní knihovna Chromeč
SUG511 = Obecní knihovna v Rapotíně
SUG514 = Obecní knihovna Bratrušov
SUG515 = Místní knihovna Hrabišín
SUG516 = Místní knihovna Postřelmov
SUG517 = Obecní knihovna Kolšov
SUG518 = Místní knihovna Bludov
SUG519 = Obecní knihovna Vikýřovice
SUG521 = Místní knihovna Sudkov
SUG522 = Místní knihovna Dlouhomilov
SUG523 = Místní knihovna Olšany
SUG524 = Obecní knihovna Vyšehoří
SUG525 = Místní knihovna Dolní Studénky
SUG526 = Místní knihovna Nový Malín
SUG527 = Místní knihovna Oskava
SUG528 = Místní knihovna Brníčko
SUG529 = Místní knihovna Rejchartice
SVG001 = Městská knihovna ve Svitavách
SVG503 = Městská knihovna Ladislava z Boskovic
TAE001 = Státní oblastní archiv v Třeboni - Státní okresní archiv Tábor
TAG001 = Městská knihovna Tábor
TPE001 = Regionální muzeum v Teplicích, p.o. - Knihovna
TPG001 = Regionální knihovna Teplice, příspěvková organizace
TPG501 = Městská knihovna Krupka
TRG001 = Městská knihovna Třebíč
TUD601 = Univerzita Karlova v Praze - Farmaceutická fakulta v Hradci Králové - České farmaceutické muzeum
TUE301 = Muzeum Podkrkonoší Trutnov - Knihovna
TUE801 = Správa Krkonošského národního parku - Krkonošské muzeum knihovna
TUE803 = Městské muzeum ve Dvoře Králové nad Labem - Knihovna
TUG001 = Městská knihovna s regionálními funkcemi
TUG504 = Městská knihovna Slavoj
TUG509 = Městská knihovna Svoboda nad Úpou
UHE301 = Slovácké muzeum - Knihovna
UHE801 = Muzeum J.A.Komenského v Uherském Brodě - Knihovna
UHE802 = Knihovna Muzea Bojkovska
UHG001 = Knihovna Bedřicha Beneše Buchlovana Uherské Hradiště
ULD001 = Univerzita J.E.Purkyně Pedagogická fakulta Ústřední knihovna
ULE301 = Muzeum města Ústí nad Labem - knihovna
ULG001 = Severočeská vědecká knihovna v Ústí nad Labem
UOG001 = Městská knihovna Ústí nad Orlicí
UOG505 = Městská knihovna Česká Třebová
VSG001 = Masarykova veřejná knihovna Vsetín
VSG501 = Městská knihovna Valašské Meziříčí
VSG502 = Městská knihovna Rožnov pod Radhoštěm, příspěvková organizace
VSG503 = Městská knihovna Kelč
VSG504 = Místní knihovna Zubří
VSG505 = Místní knihovna Velké Karlovice
VSG506 = Místní knihovna Hovězí
VSG508 = Místní knihovna Horní Bečva
VSG509 = Místní knihovna Horní Lideč
VSG510 = Místní knihovna Jablůnka nad Bečvou
VSG511 = Městská knihovna Karolinka
VSG512 = Obecní knihovna Nový Hrozenkov
VSG513 = Obecní knihovna Valašská Polanka
VSG519 = Obecní knihovna Halenkov
VYG001 = Knihovna Karla Dvořáčka Vyškov
ZLD002 = Univerzita Tomáše Bati ve Zlíně
ZLE002 = Krajská galerie výtvarného umění ve Zlíně
ZLE201 = Krajská nemocnice T.Bati, a.s Zlín
ZLE302 = Muzeum jihovýchodní Moravy ve Zlíně, p.o. - Knihovna
ZLG001 = Krajská knihovna Františka Bartoše Zlín
ZLG509 = Městská knihovna Otrokovice
ZNE450 = Dominikánská knihovna Znojmo
ZNG001 = Městská knihovna Znojmo
ZRG001 = Knihovna Matěje Josefa Sychry Žďár nad Sázavou
ZRG503 = Městská knihovna Velké Meziříčí
